
> client@0.1.0 build
> next build

Γû▓ Next.js 16.1.6 (Turbopack)
- Environments: .env.local

node.exe : ΓÜá The 
"middleware" file 
convention is 
deprecated. Please use 
"proxy" instead. Learn 
more: https://nextjs.org/
docs/messages/middleware-
to-proxy
At line:1 char:1
+ & "C:\Program 
Files\nodejs/node.exe" 
"C:\Program 
Files\nodejs/node_mo ...
+ ~~~~~~~~~~~~~~~~~~~~~~~
~~~~~~~~~~~~~~~~~~~~~~~~~
~~~~~~~~~~~~~~~~~~~~~
    + CategoryInfo       
       : NotSpecified:   
  (ΓÜá The "middle...l   
 eware-to-proxy:Strin    
g) [], RemoteExcepti    
on
    + FullyQualifiedErro 
   rId : NativeCommandE  
  rror
 
  Creating an optimized production build ...

> Build error occurred
Error: Turbopack build 
failed with 1 errors:
./src/app/(patient)/dashb
oard/page.tsx:80:31
Parsing ecmascript 
source code failed
[0m [90m 78 |[39m     
                    [33m
<[39m[33m/[39m[33mdiv
[39m[33m>[39m
 [90m 79 |[39m         
            [33m<[39m[
33m/[39m[33mdiv[39m[3
3m>[39m
[31m[1m>[22m[39m[90m
 80 |[39m             [
33m<[39m[33m/[39m[33m
DashboardLayout[39m[33m
>[39m
 [90m    |[39m         
                      
[31m[1m^[22m[39m
[31m[1m>[22m[39m[90m
 81 |[39m         [33m<
[39m[33m/[39m[33mProt
ectedRoute[39m[33m>[39
m
 [90m    |[39m [31m[1
m^[22m[39m[31m[1m^[2
2m[39m[31m[1m^[22m[3
9m[31m[1m^[22m[39m[3
1m[1m^[22m[39m[31m[1
m^[22m[39m[31m[1m^[2
2m[39m[31m[1m^[22m[3
9m[31m[1m^[22m[39m
 [90m 82 |[39m     
)[33m;[39m
 [90m 83 |[39m }
 [90m 84 |[39m[0m

Expected '</', got 'jsx 
text'


    at <unknown> (./src/a
pp/(patient)/dashboard/pa
ge.tsx:80:31)
